btrfsmaintenance-refresh.path              disabled
btrfs-balance.service                      static
btrfs-defrag.service                       static
btrfs-scrub.service                        static
btrfs-trim.service                         static
btrfsmaintenance-refresh.service           static
btrfs-balance.timer                        disabled
btrfs-defrag.timer                         disabled
btrfs-scrub.timer                          disabled
btrfs-trim.timer                           disabled
daily:
weekly:
btrfs-balance
btrfs-scrub
monthly:
btrfs-defrag
btrfs-trim
btrfsmaintenance-refresh.path              disabled
btrfs-balance.service                      static
btrfs-defrag.service                       static
btrfs-scrub.service                        static
btrfs-trim.service                         static
btrfsmaintenance-refresh.service           static
btrfs-balance.timer                        disabled
btrfs-defrag.timer                         disabled
btrfs-scrub.timer                          disabled
btrfs-trim.timer                           disabled
